/app/jenkins-values.yaml:1:1: [warning] missing document start "---" (document-start)
/app/jenkins-values.yaml:2:25: [warning] too few spaces before comment (comments)
/app/jenkins-values.yaml:2:81: [error] line too long (138 > 80 characters) (line-length)
/app/jenkins-values.yaml:3:81: [error] line too long (189 > 80 characters) (line-length)
/app/jenkins-values.yaml:3:13: [error] trailing spaces (trailing-spaces)
/app/jenkins-values.yaml:4:81: [error] line too long (189 > 80 characters) (line-length)
/app/jenkins-values.yaml:4:14: [error] trailing spaces (trailing-spaces)
/app/jenkins-values.yaml:5:81: [error] line too long (190 > 80 characters) (line-length)
/app/jenkins-values.yaml:5:18: [error] trailing spaces (trailing-spaces)
/app/jenkins-values.yaml:6:81: [error] line too long (189 > 80 characters) (line-length)
/app/jenkins-values.yaml:6:22: [error] trailing spaces (trailing-spaces)
/app/jenkins-values.yaml:7:81: [error] line too long (189 > 80 characters) (line-length)
/app/jenkins-values.yaml:7:12: [error] trailing spaces (trailing-spaces)
/app/jenkins-values.yaml:8:19: [error] trailing spaces (trailing-spaces)
/app/jenkins-values.yaml:10:1: [error] trailing spaces (trailing-spaces)
/app/jenkins-values.yaml:11:81: [error] line too long (84 > 80 characters) (line-length)
/app/jenkins-values.yaml:28:1: [error] trailing spaces (trailing-spaces)
/app/jenkins-values.yaml:31:81: [error] line too long (82 > 80 characters) (line-length)
/app/jenkins-values.yaml:53:68: [error] no new line character at the end of file (new-line-at-end-of-file)
/app/dependency-track-values.yaml:1:1: [warning] missing document start "---" (document-start)
/app/dependency-track-values.yaml:18:18: [error] no new line character at the end of file (new-line-at-end-of-file)
/app/pod.yaml:1:1: [warning] missing document start "---" (document-start)
/app/build-agent.yaml:1:1: [warning] missing document start "---" (document-start)
/app/build-agent.yaml:40:7: [error] wrong indentation: expected 8 but found 6 (indentation)
/app/build-agent.yaml:42:7: [error] wrong indentation: expected 8 but found 6 (indentation)
/app/build-agent.yaml:59:9: [error] wrong indentation: expected 10 but found 8 (indentation)
/app/doc/dependency_decisions.yml:4:10: [error] trailing spaces (trailing-spaces)
/app/doc/dependency_decisions.yml:5:10: [error] trailing spaces (trailing-spaces)
/app/doc/dependency_decisions.yml:10:10: [error] trailing spaces (trailing-spaces)
/app/doc/dependency_decisions.yml:11:10: [error] trailing spaces (trailing-spaces)
/app/doc/dependency_decisions.yml:16:10: [error] trailing spaces (trailing-spaces)
/app/doc/dependency_decisions.yml:17:10: [error] trailing spaces (trailing-spaces)
/app/doc/dependency_decisions.yml:22:10: [error] trailing spaces (trailing-spaces)
/app/doc/dependency_decisions.yml:23:10: [error] trailing spaces (trailing-spaces)
/app/doc/dependency_decisions.yml:28:10: [error] trailing spaces (trailing-spaces)
/app/doc/dependency_decisions.yml:29:10: [error] trailing spaces (trailing-spaces)
/app/doc/dependency_decisions.yml:34:10: [error] trailing spaces (trailing-spaces)
/app/doc/dependency_decisions.yml:35:10: [error] trailing spaces (trailing-spaces)
/app/doc/dependency_decisions.yml:40:10: [error] trailing spaces (trailing-spaces)
/app/doc/dependency_decisions.yml:41:10: [error] trailing spaces (trailing-spaces)
/app/doc/dependency_decisions.yml:43:5: [error] wrong indentation: expected at least 5 (indentation)
/app/doc/dependency_decisions.yml:47:10: [error] trailing spaces (trailing-spaces)
/app/doc/dependency_decisions.yml:48:10: [error] trailing spaces (trailing-spaces)
/app/doc/dependency_decisions.yml:50:5: [error] wrong indentation: expected at least 5 (indentation)
/app/doc/dependency_decisions.yml:54:10: [error] trailing spaces (trailing-spaces)
/app/doc/dependency_decisions.yml:55:10: [error] trailing spaces (trailing-spaces)
/app/doc/dependency_decisions.yml:57:5: [error] wrong indentation: expected at least 5 (indentation)
/app/doc/dependency_decisions.yml:61:10: [error] trailing spaces (trailing-spaces)
/app/doc/dependency_decisions.yml:62:10: [error] trailing spaces (trailing-spaces)
/app/doc/dependency_decisions.yml:64:5: [error] wrong indentation: expected at least 5 (indentation)
/app/doc/dependency_decisions.yml:68:10: [error] trailing spaces (trailing-spaces)
/app/doc/dependency_decisions.yml:69:10: [error] trailing spaces (trailing-spaces)
/app/doc/dependency_decisions.yml:71:5: [error] wrong indentation: expected at least 5 (indentation)
